// Jest Snapshot v1, https://goo.gl/fbAQLP

exports[`renders App component 1`] = `
<div
  className="App"
>
  <header>
    <div
      className="navbar navbar-light bg-light navbar-expand"
    >
      <div
        className="container-fluid"
      >
        <div
          className="collapse navbar-collapse"
          id="navbarSupportedContent"
        >
          <form
            autoComplete="off"
            onSubmit={[Function]}
          >
            <div
              className="form-group form-row"
            >
              <div
                className="col"
              >
                <label
                  htmlFor="city"
                >
                  Location
                </label>
                <div
                  className="rbt"
                  style={
                    Object {
                      "outline": "none",
                      "position": "relative",
                    }
                  }
                  tabIndex={-1}
                >
                  <div
                    style={
                      Object {
                        "display": "flex",
                        "flex": 1,
                        "height": "100%",
                        "position": "relative",
                      }
                    }
                  >
                    <input
                      aria-autocomplete="both"
                      aria-expanded={false}
                      aria-haspopup="listbox"
                      autoComplete="off"
                      className="rbt-input-main form-control rbt-input"
                      onBlur={[Function]}
                      onChange={[Function]}
                      onClick={[Function]}
                      onFocus={[Function]}
                      onKeyDown={[Function]}
                      role="combobox"
                      type="text"
                      value=""
                    />
                    <input
                      aria-hidden={true}
                      className="rbt-input-hint"
                      readOnly={true}
                      style={
                        Object {
                          "backgroundColor": "transparent",
                          "borderColor": "transparent",
                          "boxShadow": "none",
                          "color": "rgba(0, 0, 0, 0.35)",
                          "left": 0,
                          "pointerEvents": "none",
                          "position": "absolute",
                          "top": 0,
                          "width": "100%",
                        }
                      }
                      tabIndex={-1}
                      value=""
                    />
                  </div>
                </div>
              </div>
              <div
                className="col"
              >
                <label
                  htmlFor="minPrice"
                >
                  Min Price
                </label>
                <input
                  className="form-control"
                  name="minPrice"
                  placeholder="Min Price"
                  type="text"
                />
              </div>
              <div
                className="col"
              >
                <label
                  htmlFor="maxPrice"
                >
                  Max Price
                </label>
                <input
                  className="form-control"
                  name="maxPrice"
                  placeholder="Max Price"
                  type="text"
                />
              </div>
              <div
                className="col"
              >
                <label
                  htmlFor="minBedrooms"
                >
                  Min Bedrooms
                </label>
                <input
                  className="form-control"
                  name="minBedrooms"
                  placeholder="Min Bedrooms"
                  type="text"
                />
              </div>
              <div
                className="col"
              >
                <label
                  htmlFor="maxBedrooms"
                >
                  Max Bedrooms
                </label>
                <input
                  className="form-control"
                  name="maxBedrooms"
                  placeholder="Max Bedrooms"
                  type="text"
                />
              </div>
            </div>
            <button
              className="btn btn-primary"
              type="submit"
            >
              Search
            </button>
          </form>
        </div>
      </div>
    </div>
  </header>
  <main />
</div>
`;
